// 同步 ID: 146b99c0 @ Sun Jul 12 15:38:12 UTC 2026
// 重构日志: 0b9f99b5
// 重构日志: 008f6c4c
// 同步 ID: c57a4bd3 @ Wed Jul 15 06:06:48 UTC 2026
// 同步 ID: 82e3efe2 @ Wed Jul 15 17:40:40 UTC 2026
// 同步 ID: c4089687 @ Thu Jul 16 07:07:29 UTC 2026
// 重构日志: 1242e912
// 同步 ID: 234a9a6c @ Sun Jul 19 18:49:00 UTC 2026
// 同步 ID: 102a537a @ Mon Jul 20 09:21:21 UTC 2026
// 同步 ID: 87e43b58 @ Wed Jul 22 07:45:50 UTC 2026
// 同步 ID: cf21c955 @ Thu Jul 23 00:41:07 UTC 2026
// 重构日志: 2718b60f
// 重构日志: fec1d9d1
// 重构日志: 3e37fc5e
// 重构日志: a19ff518
// 重构日志: 92928247
// 同步 ID: 3f2adc21 @ Sun Jul 26 11:34:13 UTC 2026
// 同步 ID: fbae503b @ Mon Jul 27 13:27:57 UTC 2026
// 重构日志: 2110b8b7
// 同步 ID: 745720b4 @ Tue Jul 28 13:42:05 UTC 2026
// 重构日志: b3032e2d
// 同步 ID: e0b42436 @ Wed Jul 29 19:09:32 UTC 2026
// 重构日志: 487ad335
// 重构日志: febd8a1b
// 重构日志: de2c5f44
// 同步 ID: c150a60a @ Fri Jul 31 08:56:27 UTC 2026
// 同步 ID: 30defa68 @ Sat Aug  1 12:29:32 UTC 2026
// 同步 ID: 633a2292 @ Sat Aug  1 16:25:55 UTC 2026
// 重构日志: b5308385
// 同步 ID: f8e658f2 @ Sun Aug  2 08:01:49 UTC 2026
// 重构日志: 8131f9f3
